// Jest Snapshot v1, https://goo.gl/fbAQLP

exports[`RegistrationPage smoke test renders without crashing 1`] = `
<section
  className="registrationPage"
>
  <h2>
    Register
  </h2>
  <RegistrationForm
    onRegistrationSuccess={[Function]}
  />
</section>
`;
