// Jest Snapshot v1, https://goo.gl/fbAQLP

exports[`LoginPage smoke test renders without crashing 1`] = `
<section
  className="loginPage"
>
  <h2>
    Login
  </h2>
  <LoginForm
    onLoginSuccess={[Function]}
  />
</section>
`;
