// Jest Snapshot v1, https://goo.gl/fbAQLP

exports[`ReviewsListPage smoke test renders without crashing 1`] = `
<div
  className="searchForm"
>
  <h2>
    Search for a brewery
  </h2>
  <SearchBar />
</div>
`;
