// Jest Snapshot v1, https://goo.gl/fbAQLP

exports[`Pagination smoke test renders without crashing 1`] = `
<button
  className="disabled"
  disabled={true}
/>
`;
