// Jest Snapshot v1, https://goo.gl/fbAQLP

exports[`BreweryList smoke test renders without crashing 1`] = `
<BreweryList>
  <div />
</BreweryList>
`;
